// Jest Snapshot v1, https://goo.gl/fbAQLP

exports[`Bar chart renders correctly 1`] = `
<div
  style={
    Object {
      "height": "100px",
      "width": "100%",
    }
  }
/>
`;
